TEST CASE 1
Withdrawal Successful.
Withdrawn Amount: Rs. 3000.0
Remaining Balance: Rs. 7000.0

TEST CASE 2
Withdrawal Successful.
Withdrawn Amount: Rs. 5000.0
Remaining Balance: Rs. 0.0

TEST CASE 3
Account Holder: Rahul
Account Balance: Rs. 8000.0

TEST CASE 4
Withdrawal Successful.
Withdrawn Amount: Rs. 2000.0
Remaining Balance: Rs. 13000.0
Withdrawal Successful.
Withdrawn Amount: Rs. 5000.0
Remaining Balance: Rs. 8000.0

TEST CASE 5
Withdrawal Successful.
Withdrawn Amount: Rs. 4000.0
Remaining Balance: Rs. 16000.0

TEST CASE 6
Error: Insufficient balance!

TEST CASE 7
Error: Withdrawal amount cannot be negative.

TEST CASE 8
Withdrawal amount must be greater than zero.

TEST CASE 9
Invalid input! Enter a numeric amount.

TEST CASE 10
Error: Account object is null.


